// Jest Snapshot v1, https://goo.gl/fbAQLP

exports[`chat page render page 1`] = `"<footer><form><input type=\\"text\\" value=\\"\\"><button>Submit</button></form></footer><main><div class=\\"output\\"></div></main>"`;
