// Jest Snapshot v1, https://goo.gl/fbAQLP

exports[`MemberLoginPage render page 1`] = `"<form><h1>Login as user</h1><div><label>Surname: <input type=\\"text\\" value=\\"\\"></label></div><div><label>Password: <input type=\\"password\\" value=\\"\\"></label></div><button>Submit</button></form>"`;
